// Jest Snapshot v1, https://goo.gl/fbAQLP

exports[`emptylist correctly 1`] = `
<View
  style={
    Object {
      "alignItems": "center",
      "flex": 1,
      "height": "60%",
      "justifyContent": "center",
    }
  }
>
  <View
    style={
      Object {
        "alignItems": "center",
        "backgroundColor": "purple",
        "borderRadius": 8,
        "height": 80,
        "justifyContent": "center",
        "marginTop": 120,
        "width": 80,
      }
    }
  >
    <ActivityIndicator
      animating={true}
      color="#FFF"
      hidesWhenStopped={true}
      size="large"
    />
  </View>
</View>
`;
